******************************************************************************
                  TI ARM Linker PC v20.2.7                     
******************************************************************************
>> Linked Mon Oct 23 13:28:59 2023

OUTPUT FILE NAME:   <minimal.out>
ENTRY POINT SYMBOL: "_c_int00_noinit_noargs"  address: 00000079


MEMORY CONFIGURATION

         name            origin    length      used     unused   attr    fill
----------------------  --------  ---------  --------  --------  ----  --------
  FLASH                 00000000   00040000  000000c2  0003ff3e  R  X
  SRAM                  20000000   00008000  00000204  00007dfc  RW X


SEGMENT ALLOCATION MAP

run origin  load origin   length   init length attrs members
----------  ----------- ---------- ----------- ----- -------
00000000    00000000    000000c2   000000c2    r-x
  00000000    00000000    00000040   00000040    r-- .intvecs
  00000040    00000040    00000082   00000082    r-x .text
20000000    20000000    00000204   00000000    rw-
  20000000    20000000    00000204   00000000    rw- .stack


SECTION ALLOCATION MAP

 output                                  attributes/
section   page    origin      length       input sections
--------  ----  ----------  ----------   ----------------
.intvecs   0    00000000    00000040     
                  00000000    00000040     tm4c123gh6pm_startup_ccs.obj (.intvecs)

.text      0    00000040    00000082     
                  00000040    00000038     main.obj (.text)
                  00000078    0000002c     rtsv7M4_T_le_v4SPD16_eabi.lib : boot_cortex_m.c.obj (.text:_c_int00_noinit_noargs:_c_int00_noinit_noargs)
                  000000a4    00000016     tm4c123gh6pm_startup_ccs.obj (.text)
                  000000ba    00000004     rtsv7M4_T_le_v4SPD16_eabi.lib : pre_init.c.obj (.text:_system_pre_init)
                  000000be    00000004                                   : exit.c.obj (.text:abort:abort)

.cinit     0    00000000    00000000     UNINITIALIZED

.init_array 
*          0    00000000    00000000     UNINITIALIZED

.stack     0    20000000    00000204     UNINITIALIZED
                  20000000    00000200     tm4c123gh6pm_startup_ccs.obj (.stack)
                  20000200    00000004     rtsv7M4_T_le_v4SPD16_eabi.lib : boot_cortex_m.c.obj (.stack)

__llvm_prf_cnts 
*          0    20000000    00000000     UNINITIALIZED

MODULE SUMMARY

       Module                         code   ro data   rw data
       ------                         ----   -------   -------
    .\
       tm4c123gh6pm_startup_ccs.obj   22     64        0      
       main.obj                       56     0         0      
    +--+------------------------------+------+---------+---------+
       Total:                         78     64        0      
                                                              
    C:\ti\ccs1250\ccs\tools\compiler\ti-cgt-arm_20.2.7.LTS\lib\rtsv7M4_T_le_v4SPD16_eabi.lib
       boot_cortex_m.c.obj            44     0         0      
       exit.c.obj                     4      0         0      
       pre_init.c.obj                 4      0         0      
    +--+------------------------------+------+---------+---------+
       Total:                         52     0         0      
                                                              
       Stack:                         0      0         516    
    +--+------------------------------+------+---------+---------+
       Grand Total:                   130    64        516    


GLOBAL SYMBOLS: SORTED ALPHABETICALLY BY Name 

address   name                   
-------   ----                   
000000bf  C$$EXIT                
000000a7  Reset_Handler          
20000204  __STACK_END            
00000204  __STACK_SIZE           
20000400  __STACK_TOP            
ffffffff  __TI_pprof_out_hndl    
ffffffff  __TI_prof_data_size    
ffffffff  __TI_prof_data_start   
00000000  __TI_static_base__     
ffffffff  __binit__              
ffffffff  __c_args__             
UNDEFED   __mpu_init             
20000200  __stack                
20000000  __start___llvm_prf_cnts
20000000  __stop___llvm_prf_cnts 
00000079  _c_int00_noinit_noargs 
000000bb  _system_pre_init       
000000bf  abort                  
ffffffff  binit                  
00000041  main                   
20000000  stack_mem              
00000000  vector_table           


GLOBAL SYMBOLS: SORTED BY Symbol Address 

address   name                   
-------   ----                   
00000000  __TI_static_base__     
00000000  vector_table           
00000041  main                   
00000079  _c_int00_noinit_noargs 
000000a7  Reset_Handler          
000000bb  _system_pre_init       
000000bf  C$$EXIT                
000000bf  abort                  
00000204  __STACK_SIZE           
20000000  __start___llvm_prf_cnts
20000000  __stop___llvm_prf_cnts 
20000000  stack_mem              
20000200  __stack                
20000204  __STACK_END            
20000400  __STACK_TOP            
ffffffff  __TI_pprof_out_hndl    
ffffffff  __TI_prof_data_size    
ffffffff  __TI_prof_data_start   
ffffffff  __binit__              
ffffffff  __c_args__             
ffffffff  binit                  
UNDEFED   __mpu_init             

[22 symbols]
